mode: set
pith/pkg/runner/runner.go:24.70,31.2 1 1
pith/pkg/runner/runner.go:33.28,34.72 1 1
pith/pkg/runner/runner.go:34.72,36.3 1 1
pith/pkg/runner/runner.go:37.2,37.76 1 1
pith/pkg/runner/runner.go:37.76,39.3 1 1
pith/pkg/runner/runner.go:41.2,41.18 1 1
pith/pkg/runner/runner.go:44.43,46.2 1 1
pith/pkg/runner/runner.go:48.73,50.18 2 1
pith/pkg/runner/runner.go:50.18,52.17 2 1
pith/pkg/runner/runner.go:52.17,54.4 1 0
pith/pkg/runner/runner.go:55.3,55.40 1 1
pith/pkg/runner/runner.go:58.2,63.16 4 1
pith/pkg/runner/runner.go:63.16,65.3 1 0
pith/pkg/runner/runner.go:66.2,70.21 3 1
pith/pkg/runner/runner.go:70.21,72.3 1 1
pith/pkg/runner/runner.go:75.2,76.18 2 1
pith/pkg/runner/runner.go:76.18,78.39 1 1
pith/pkg/runner/runner.go:78.39,80.4 1 1
pith/pkg/runner/runner.go:81.3,81.18 1 1
pith/pkg/runner/runner.go:83.2,85.29 2 1
pith/pkg/runner/runner.go:88.72,89.20 1 1
pith/pkg/runner/runner.go:89.20,91.3 1 1
pith/pkg/runner/runner.go:93.2,98.43 4 1
pith/pkg/runner/runner.go:98.43,102.3 1 1
pith/pkg/runner/runner.go:102.8,106.55 1 1
pith/pkg/runner/runner.go:106.55,109.4 2 1
pith/pkg/runner/runner.go:109.9,111.4 1 1
pith/pkg/runner/runner.go:114.2,124.16 9 1
pith/pkg/runner/runner.go:124.16,125.47 1 1
pith/pkg/runner/runner.go:125.47,127.4 1 1
pith/pkg/runner/runner.go:127.9,129.4 1 1
pith/pkg/runner/runner.go:132.2,142.18 7 1
pith/pkg/runner/runner.go:142.18,146.24 4 1
pith/pkg/runner/runner.go:146.24,149.4 2 1
pith/pkg/runner/runner.go:152.3,152.44 1 1
pith/pkg/runner/runner.go:152.44,155.24 3 1
pith/pkg/runner/runner.go:155.24,156.33 1 0
pith/pkg/runner/runner.go:156.33,160.28 3 0
pith/pkg/runner/runner.go:160.28,160.38 1 0
pith/pkg/runner/runner.go:161.6,164.43 3 0
pith/pkg/runner/runner.go:164.43,166.71 2 0
pith/pkg/runner/runner.go:166.71,168.13 2 0
pith/pkg/runner/runner.go:172.6,172.22 1 0
pith/pkg/runner/runner.go:172.22,174.12 2 0
pith/pkg/runner/runner.go:180.3,180.15 1 1
pith/pkg/runner/runner.go:180.15,181.37 1 1
pith/pkg/runner/runner.go:181.37,183.62 2 1
pith/pkg/runner/runner.go:183.62,185.11 2 1
pith/pkg/runner/runner.go:191.2,195.14 4 1
pith/pkg/runner/runner.go:195.14,200.3 3 1
pith/pkg/runner/runner.go:200.8,202.3 1 1
pith/pkg/runner/runner.go:205.2,227.12 6 1
pith/pkg/runner/runner.go:230.65,232.34 2 1
pith/pkg/runner/runner.go:232.34,234.3 1 1
pith/pkg/runner/runner.go:236.2,240.29 3 1
pith/pkg/runner/runner.go:240.29,242.3 1 0
pith/pkg/runner/runner.go:244.2,248.40 4 1
pith/pkg/runner/runner.go:251.35,254.2 1 1
