mode: set
pith/pkg/parser/bd.go:10.34,10.49 1 1
pith/pkg/parser/bd.go:12.61,14.2 1 1
pith/pkg/parser/bd.go:16.48,22.29 4 1
pith/pkg/parser/bd.go:22.29,24.20 2 1
pith/pkg/parser/bd.go:24.20,24.30 1 1
pith/pkg/parser/bd.go:27.3,27.134 1 1
pith/pkg/parser/bd.go:27.134,29.4 1 1
pith/pkg/parser/bd.go:32.3,32.124 1 1
pith/pkg/parser/bd.go:32.124,34.12 2 1
pith/pkg/parser/bd.go:38.3,38.193 1 1
pith/pkg/parser/bd.go:38.193,40.24 1 1
pith/pkg/parser/bd.go:40.24,41.27 1 1
pith/pkg/parser/bd.go:41.27,43.6 1 1
pith/pkg/parser/bd.go:43.11,45.6 1 1
pith/pkg/parser/bd.go:47.4,47.12 1 1
pith/pkg/parser/bd.go:51.3,51.23 1 1
pith/pkg/parser/bd.go:51.23,53.26 1 1
pith/pkg/parser/bd.go:53.26,55.5 1 0
pith/pkg/parser/bd.go:55.10,57.5 1 1
pith/pkg/parser/bd.go:61.2,61.31 1 1
pith/pkg/parser/bd.go:61.31,64.3 1 1
pith/pkg/parser/bd.go:66.2,66.21 1 1
pith/pkg/parser/bd.go:66.21,68.3 1 1
pith/pkg/parser/bd.go:70.2,70.35 1 1
pith/pkg/parser/chain.go:10.37,12.2 1 1
pith/pkg/parser/chain.go:14.64,17.2 2 1
pith/pkg/parser/chain.go:19.51,21.2 1 1
pith/pkg/parser/chain.go:23.65,28.35 3 1
pith/pkg/parser/chain.go:28.35,30.29 2 1
pith/pkg/parser/chain.go:30.29,32.28 2 1
pith/pkg/parser/chain.go:32.28,34.22 2 1
pith/pkg/parser/chain.go:34.22,36.6 1 1
pith/pkg/parser/chain.go:39.3,39.23 1 1
pith/pkg/parser/chain.go:41.2,41.16 1 1
pith/pkg/parser/fs.go:11.34,11.49 1 1
pith/pkg/parser/fs.go:12.61,14.2 1 1
pith/pkg/parser/fs.go:15.48,18.29 3 1
pith/pkg/parser/fs.go:18.29,20.180 2 1
pith/pkg/parser/fs.go:20.180,21.12 1 1
pith/pkg/parser/fs.go:24.3,25.23 2 1
pith/pkg/parser/fs.go:25.23,30.115 1 1
pith/pkg/parser/fs.go:30.115,34.25 3 1
pith/pkg/parser/fs.go:34.25,36.6 1 1
pith/pkg/parser/fs.go:36.11,36.32 1 1
pith/pkg/parser/fs.go:36.32,38.6 1 1
pith/pkg/parser/fs.go:40.5,40.19 1 1
pith/pkg/parser/fs.go:40.19,42.6 1 1
pith/pkg/parser/fs.go:42.11,44.6 1 0
pith/pkg/parser/fs.go:45.10,48.5 1 1
pith/pkg/parser/fs.go:49.9,49.29 1 1
pith/pkg/parser/fs.go:49.29,51.4 1 1
pith/pkg/parser/fs.go:55.2,55.21 1 1
pith/pkg/parser/fs.go:55.21,57.3 1 1
pith/pkg/parser/fs.go:58.2,58.34 1 1
pith/pkg/parser/fs.go:64.36,64.53 1 1
pith/pkg/parser/fs.go:65.63,67.2 1 1
pith/pkg/parser/fs.go:68.50,72.29 4 1
pith/pkg/parser/fs.go:72.29,74.20 2 1
pith/pkg/parser/fs.go:74.20,74.30 1 1
pith/pkg/parser/fs.go:75.3,76.17 2 1
pith/pkg/parser/fs.go:76.17,76.27 1 1
pith/pkg/parser/fs.go:77.3,77.35 1 1
pith/pkg/parser/fs.go:79.2,80.16 2 1
pith/pkg/parser/fs.go:80.16,82.3 1 1
pith/pkg/parser/fs.go:83.2,83.12 1 1
pith/pkg/parser/fs.go:89.36,89.53 1 1
pith/pkg/parser/fs.go:90.63,92.2 1 1
pith/pkg/parser/fs.go:93.50,96.29 3 1
pith/pkg/parser/fs.go:96.29,97.36 1 1
pith/pkg/parser/fs.go:97.36,97.46 1 1
pith/pkg/parser/fs.go:99.3,101.35 3 1
pith/pkg/parser/fs.go:103.2,103.35 1 1
pith/pkg/parser/fs.go:109.34,109.49 1 1
pith/pkg/parser/fs.go:110.61,112.2 1 1
pith/pkg/parser/fs.go:113.48,116.29 3 1
pith/pkg/parser/fs.go:116.29,118.20 2 1
pith/pkg/parser/fs.go:118.20,118.30 1 1
pith/pkg/parser/fs.go:119.3,120.23 2 1
pith/pkg/parser/fs.go:120.23,125.4 3 1
pith/pkg/parser/fs.go:128.2,128.22 1 1
pith/pkg/parser/fs.go:128.22,131.3 2 1
pith/pkg/parser/fs.go:132.2,132.35 1 1
pith/pkg/parser/git.go:11.41,11.64 1 1
pith/pkg/parser/git.go:12.68,13.36 1 1
pith/pkg/parser/git.go:13.36,13.52 1 1
pith/pkg/parser/git.go:14.2,15.76 2 1
pith/pkg/parser/git.go:17.55,20.29 3 1
pith/pkg/parser/git.go:20.29,29.36 2 1
pith/pkg/parser/git.go:29.36,30.12 1 1
pith/pkg/parser/git.go:32.3,32.35 1 1
pith/pkg/parser/git.go:35.2,35.22 1 1
pith/pkg/parser/git.go:35.22,37.3 1 0
pith/pkg/parser/git.go:39.2,39.22 1 1
pith/pkg/parser/git.go:39.22,41.3 1 0
pith/pkg/parser/git.go:42.2,42.35 1 1
pith/pkg/parser/git.go:48.38,48.58 1 1
pith/pkg/parser/git.go:49.65,51.2 1 1
pith/pkg/parser/git.go:52.52,56.29 4 1
pith/pkg/parser/git.go:56.29,57.41 1 1
pith/pkg/parser/git.go:57.41,58.27 1 1
pith/pkg/parser/git.go:58.27,60.5 1 1
pith/pkg/parser/git.go:61.4,62.30 2 1
pith/pkg/parser/git.go:62.30,62.67 1 1
pith/pkg/parser/git.go:63.4,63.59 1 1
pith/pkg/parser/git.go:64.9,64.49 1 1
pith/pkg/parser/git.go:64.49,66.60 2 1
pith/pkg/parser/git.go:66.60,66.99 1 1
pith/pkg/parser/git.go:67.9,67.47 1 1
pith/pkg/parser/git.go:67.47,70.24 3 1
pith/pkg/parser/git.go:70.24,70.87 1 1
pith/pkg/parser/git.go:71.9,71.69 1 1
pith/pkg/parser/git.go:71.69,73.4 1 1
pith/pkg/parser/git.go:75.2,75.25 1 1
pith/pkg/parser/git.go:75.25,77.3 1 1
pith/pkg/parser/git.go:78.2,78.35 1 1
pith/pkg/parser/git.go:81.45,81.93 1 1
pith/pkg/parser/git.go:86.39,86.60 1 1
pith/pkg/parser/git.go:87.66,89.2 1 1
pith/pkg/parser/git.go:90.53,93.29 3 1
pith/pkg/parser/git.go:93.29,94.81 1 1
pith/pkg/parser/git.go:94.81,95.12 1 1
pith/pkg/parser/git.go:98.3,98.36 1 1
pith/pkg/parser/git.go:98.36,100.12 2 1
pith/pkg/parser/git.go:103.3,103.40 1 1
pith/pkg/parser/git.go:103.40,105.12 2 1
pith/pkg/parser/git.go:107.3,107.40 1 1
pith/pkg/parser/git.go:107.40,109.12 2 1
pith/pkg/parser/git.go:112.3,112.67 1 1
pith/pkg/parser/git.go:112.67,114.4 1 1
pith/pkg/parser/git.go:116.2,116.35 1 1
pith/pkg/parser/git.go:122.41,122.64 1 1
pith/pkg/parser/git.go:123.68,125.2 1 1
pith/pkg/parser/git.go:126.55,130.29 4 1
pith/pkg/parser/git.go:130.29,132.20 2 1
pith/pkg/parser/git.go:132.20,132.30 1 1
pith/pkg/parser/git.go:133.3,133.38 1 1
pith/pkg/parser/git.go:133.38,135.4 1 1
pith/pkg/parser/git.go:135.9,137.4 1 1
pith/pkg/parser/git.go:139.2,140.21 2 1
pith/pkg/parser/git.go:140.21,142.3 1 1
pith/pkg/parser/git.go:143.2,143.12 1 1
pith/pkg/parser/git.go:153.44,153.70 1 1
pith/pkg/parser/git.go:154.71,157.2 1 1
pith/pkg/parser/git.go:158.58,171.29 4 1
pith/pkg/parser/git.go:171.29,179.50 2 1
pith/pkg/parser/git.go:179.50,180.12 1 1
pith/pkg/parser/git.go:184.3,184.81 1 1
pith/pkg/parser/git.go:184.81,185.12 1 1
pith/pkg/parser/git.go:187.3,187.36 1 1
pith/pkg/parser/git.go:187.36,189.12 2 1
pith/pkg/parser/git.go:191.3,191.40 1 1
pith/pkg/parser/git.go:191.40,193.12 2 1
pith/pkg/parser/git.go:195.3,195.40 1 1
pith/pkg/parser/git.go:195.40,197.12 2 1
pith/pkg/parser/git.go:201.3,201.41 1 1
pith/pkg/parser/git.go:201.41,202.27 1 1
pith/pkg/parser/git.go:202.27,204.5 1 0
pith/pkg/parser/git.go:205.4,206.30 2 1
pith/pkg/parser/git.go:206.30,206.67 1 1
pith/pkg/parser/git.go:207.4,208.12 2 1
pith/pkg/parser/git.go:209.9,209.49 1 1
pith/pkg/parser/git.go:209.49,211.60 2 1
pith/pkg/parser/git.go:211.60,211.99 1 1
pith/pkg/parser/git.go:212.4,212.12 1 1
pith/pkg/parser/git.go:213.9,213.47 1 1
pith/pkg/parser/git.go:213.47,216.24 3 1
pith/pkg/parser/git.go:216.24,216.87 1 1
pith/pkg/parser/git.go:217.4,217.12 1 1
pith/pkg/parser/git.go:218.9,218.92 1 1
pith/pkg/parser/git.go:218.92,220.12 2 1
pith/pkg/parser/git.go:224.3,224.62 1 1
pith/pkg/parser/git.go:224.62,227.4 2 1
pith/pkg/parser/git.go:230.3,230.67 1 1
pith/pkg/parser/git.go:230.67,232.12 2 1
pith/pkg/parser/git.go:236.3,236.35 1 1
pith/pkg/parser/git.go:240.2,240.25 1 1
pith/pkg/parser/git.go:240.25,242.3 1 1
pith/pkg/parser/git.go:245.2,247.27 3 1
pith/pkg/parser/git.go:247.27,248.28 1 1
pith/pkg/parser/git.go:248.28,251.4 2 1
pith/pkg/parser/git.go:254.2,254.34 1 1
pith/pkg/parser/github_release.go:11.45,13.2 1 1
pith/pkg/parser/github_release.go:15.72,16.17 1 1
pith/pkg/parser/github_release.go:16.17,18.3 1 1
pith/pkg/parser/github_release.go:19.2,19.19 1 1
pith/pkg/parser/github_release.go:19.19,21.3 1 1
pith/pkg/parser/github_release.go:23.2,23.73 1 1
pith/pkg/parser/github_release.go:26.59,34.29 6 1
pith/pkg/parser/github_release.go:34.29,36.20 2 1
pith/pkg/parser/github_release.go:36.20,37.12 1 1
pith/pkg/parser/github_release.go:41.3,41.122 1 1
pith/pkg/parser/github_release.go:41.122,43.12 2 1
pith/pkg/parser/github_release.go:47.3,47.43 1 1
pith/pkg/parser/github_release.go:47.43,50.12 3 1
pith/pkg/parser/github_release.go:53.3,53.15 1 1
pith/pkg/parser/github_release.go:53.15,56.24 2 1
pith/pkg/parser/github_release.go:56.24,60.23 3 1
pith/pkg/parser/github_release.go:60.23,62.6 1 1
pith/pkg/parser/github_release.go:63.5,63.13 1 1
pith/pkg/parser/github_release.go:66.4,66.53 1 1
pith/pkg/parser/github_release.go:66.53,68.5 1 1
pith/pkg/parser/github_release.go:69.4,69.12 1 1
pith/pkg/parser/github_release.go:73.3,73.85 1 0
pith/pkg/parser/github_release.go:73.85,77.4 2 0
pith/pkg/parser/github_release.go:80.2,80.35 1 1
pith/pkg/parser/go.go:10.34,10.49 1 1
pith/pkg/parser/go.go:12.61,14.2 1 1
pith/pkg/parser/go.go:16.48,20.29 3 1
pith/pkg/parser/go.go:20.29,22.20 2 1
pith/pkg/parser/go.go:22.20,22.30 1 1
pith/pkg/parser/go.go:25.3,27.41 1 1
pith/pkg/parser/go.go:27.41,29.12 2 1
pith/pkg/parser/go.go:33.3,33.119 1 1
pith/pkg/parser/go.go:33.119,35.12 2 1
pith/pkg/parser/go.go:39.3,39.23 1 1
pith/pkg/parser/go.go:39.23,41.4 1 1
pith/pkg/parser/go.go:44.2,44.41 1 1
pith/pkg/parser/go.go:44.41,46.3 1 0
pith/pkg/parser/go.go:47.2,47.35 1 1
pith/pkg/parser/infra.go:12.35,12.51 1 1
pith/pkg/parser/infra.go:13.62,15.2 1 1
pith/pkg/parser/infra.go:19.49,22.29 3 1
pith/pkg/parser/infra.go:22.29,23.49 1 1
pith/pkg/parser/infra.go:23.49,23.59 1 1
pith/pkg/parser/infra.go:24.3,26.36 3 1
pith/pkg/parser/infra.go:26.36,26.46 1 1
pith/pkg/parser/infra.go:27.3,28.21 2 1
pith/pkg/parser/infra.go:28.21,28.48 1 0
pith/pkg/parser/infra.go:29.3,29.39 1 1
pith/pkg/parser/infra.go:31.2,31.35 1 1
pith/pkg/parser/infra.go:37.40,37.62 1 1
pith/pkg/parser/infra.go:38.67,40.2 1 1
pith/pkg/parser/infra.go:41.54,44.29 3 1
pith/pkg/parser/infra.go:44.29,46.20 2 1
pith/pkg/parser/infra.go:46.20,46.30 1 1
pith/pkg/parser/infra.go:48.3,49.23 2 1
pith/pkg/parser/infra.go:49.23,52.4 1 1
pith/pkg/parser/infra.go:54.2,54.35 1 1
pith/pkg/parser/infra.go:60.42,60.67 1 1
pith/pkg/parser/infra.go:61.69,64.2 1 1
pith/pkg/parser/infra.go:65.56,73.29 5 1
pith/pkg/parser/infra.go:73.29,75.58 2 1
pith/pkg/parser/infra.go:75.58,75.68 1 1
pith/pkg/parser/infra.go:77.3,78.111 2 1
pith/pkg/parser/infra.go:78.111,80.44 1 0
pith/pkg/parser/infra.go:80.44,81.61 1 0
pith/pkg/parser/infra.go:81.61,83.6 1 0
pith/pkg/parser/infra.go:84.5,84.13 1 0
pith/pkg/parser/infra.go:88.3,90.17 3 1
pith/pkg/parser/infra.go:90.17,90.24 1 1
pith/pkg/parser/infra.go:92.2,93.21 2 1
pith/pkg/parser/infra.go:93.21,95.3 1 1
pith/pkg/parser/infra.go:96.2,96.12 1 1
pith/pkg/parser/infra.go:102.36,102.54 1 1
pith/pkg/parser/infra.go:103.63,107.2 1 1
pith/pkg/parser/infra.go:108.50,113.29 4 1
pith/pkg/parser/infra.go:113.29,118.77 2 1
pith/pkg/parser/infra.go:118.77,120.4 1 1
pith/pkg/parser/infra.go:121.3,121.73 1 1
pith/pkg/parser/infra.go:121.73,123.4 1 1
pith/pkg/parser/infra.go:124.3,124.21 1 1
pith/pkg/parser/infra.go:124.21,126.21 2 1
pith/pkg/parser/infra.go:126.21,126.47 1 1
pith/pkg/parser/infra.go:129.2,129.22 1 1
pith/pkg/parser/infra.go:129.22,129.72 1 1
pith/pkg/parser/infra.go:130.1,130.34 1 1
pith/pkg/parser/infra.go:136.38,136.57 1 1
pith/pkg/parser/infra.go:137.65,141.2 1 1
pith/pkg/parser/infra.go:142.52,146.29 3 1
pith/pkg/parser/infra.go:146.29,148.20 2 1
pith/pkg/parser/infra.go:148.20,148.30 1 1
pith/pkg/parser/infra.go:151.3,151.122 1 1
pith/pkg/parser/infra.go:151.122,152.12 1 1
pith/pkg/parser/infra.go:155.3,156.23 2 1
pith/pkg/parser/infra.go:156.23,162.24 4 1
pith/pkg/parser/infra.go:162.24,164.25 2 1
pith/pkg/parser/infra.go:164.25,164.49 1 1
pith/pkg/parser/infra.go:167.4,167.20 1 1
pith/pkg/parser/infra.go:167.20,169.5 1 1
pith/pkg/parser/infra.go:169.10,171.5 1 0
pith/pkg/parser/infra.go:172.9,174.4 1 1
pith/pkg/parser/infra.go:176.3,176.23 1 1
pith/pkg/parser/infra.go:176.23,178.9 2 1
pith/pkg/parser/infra.go:182.2,182.35 1 1
pith/pkg/parser/interface.go:16.51,18.19 1 1
pith/pkg/parser/interface.go:18.19,20.3 1 1
pith/pkg/parser/interface.go:23.2,27.23 4 1
pith/pkg/parser/interface.go:27.23,29.3 1 1
pith/pkg/parser/interface.go:32.2,32.63 1 1
pith/pkg/parser/interface.go:32.63,33.28 1 1
pith/pkg/parser/interface.go:33.28,35.4 1 1
pith/pkg/parser/interface.go:38.2,38.14 1 1
pith/pkg/parser/interface.go:41.31,78.2 2 1
pith/pkg/parser/npm.go:9.35,9.51 1 1
pith/pkg/parser/npm.go:11.62,13.2 1 1
pith/pkg/parser/npm.go:15.49,19.29 3 1
pith/pkg/parser/npm.go:19.29,27.89 2 1
pith/pkg/parser/npm.go:27.89,28.12 1 1
pith/pkg/parser/npm.go:32.3,32.75 1 1
pith/pkg/parser/npm.go:32.75,33.12 1 0
pith/pkg/parser/npm.go:36.3,36.35 1 1
pith/pkg/parser/npm.go:39.2,39.22 1 1
pith/pkg/parser/npm.go:39.22,41.3 1 0
pith/pkg/parser/npm.go:42.2,42.35 1 1
pith/pkg/parser/pith.go:10.36,10.62 1 1
pith/pkg/parser/pith.go:12.63,14.31 1 1
pith/pkg/parser/pith.go:14.31,16.3 1 1
pith/pkg/parser/pith.go:17.2,17.91 1 1
pith/pkg/parser/pith.go:17.91,19.3 1 1
pith/pkg/parser/pith.go:20.2,20.14 1 1
pith/pkg/parser/pith.go:23.50,27.29 3 1
pith/pkg/parser/pith.go:27.29,29.20 2 1
pith/pkg/parser/pith.go:29.20,29.30 1 1
pith/pkg/parser/pith.go:32.3,32.134 1 1
pith/pkg/parser/pith.go:32.134,35.12 2 1
pith/pkg/parser/pith.go:39.3,39.80 1 1
pith/pkg/parser/pith.go:39.80,41.43 1 1
pith/pkg/parser/pith.go:41.43,43.5 1 1
pith/pkg/parser/pith.go:43.10,43.51 1 1
pith/pkg/parser/pith.go:43.51,45.5 1 1
pith/pkg/parser/pith.go:45.10,47.27 1 0
pith/pkg/parser/pith.go:47.27,49.6 1 0
pith/pkg/parser/pith.go:49.11,51.6 1 0
pith/pkg/parser/pith.go:53.4,53.12 1 1
pith/pkg/parser/pith.go:57.3,57.23 1 1
pith/pkg/parser/pith.go:57.23,59.4 1 1
pith/pkg/parser/pith.go:62.2,62.21 1 1
pith/pkg/parser/pith.go:62.21,64.3 1 1
pith/pkg/parser/pith.go:65.2,65.35 1 1
pith/pkg/parser/powershell.go:10.43,10.69 1 1
pith/pkg/parser/powershell.go:12.70,14.2 1 1
pith/pkg/parser/powershell.go:16.57,21.29 4 1
pith/pkg/parser/powershell.go:21.29,23.20 2 1
pith/pkg/parser/powershell.go:23.20,23.30 1 1
pith/pkg/parser/powershell.go:26.3,26.124 1 1
pith/pkg/parser/powershell.go:26.124,28.12 2 1
pith/pkg/parser/powershell.go:31.3,31.98 1 1
pith/pkg/parser/powershell.go:31.98,32.12 1 1
pith/pkg/parser/powershell.go:36.3,36.106 1 1
pith/pkg/parser/powershell.go:36.106,37.12 1 1
pith/pkg/parser/powershell.go:41.3,41.12 1 1
pith/pkg/parser/powershell.go:41.12,43.24 2 1
pith/pkg/parser/powershell.go:43.24,47.25 3 1
pith/pkg/parser/powershell.go:47.25,50.6 2 1
pith/pkg/parser/powershell.go:50.11,52.6 1 1
pith/pkg/parser/powershell.go:53.5,53.13 1 1
pith/pkg/parser/powershell.go:57.3,57.23 1 1
pith/pkg/parser/powershell.go:57.23,59.4 1 1
pith/pkg/parser/powershell.go:62.2,62.22 1 1
pith/pkg/parser/powershell.go:62.22,64.3 1 1
pith/pkg/parser/powershell.go:66.2,66.21 1 1
pith/pkg/parser/powershell.go:66.21,68.3 1 1
pith/pkg/parser/powershell.go:69.2,69.35 1 1
pith/pkg/parser/powershell.go:74.43,74.67 1 1
pith/pkg/parser/powershell.go:76.70,81.2 2 1
pith/pkg/parser/powershell.go:83.57,85.19 2 1
pith/pkg/parser/powershell.go:85.19,87.3 1 1
pith/pkg/parser/powershell.go:90.2,90.146 1 1
pith/pkg/parser/powershell.go:90.146,97.37 3 1
pith/pkg/parser/powershell.go:97.37,99.55 2 1
pith/pkg/parser/powershell.go:99.55,101.5 1 1
pith/pkg/parser/powershell.go:102.4,102.17 1 1
pith/pkg/parser/powershell.go:102.17,103.68 1 1
pith/pkg/parser/powershell.go:103.68,104.14 1 1
pith/pkg/parser/powershell.go:107.4,107.28 1 1
pith/pkg/parser/powershell.go:110.3,119.25 2 1
pith/pkg/parser/powershell.go:119.25,121.4 1 1
pith/pkg/parser/powershell.go:122.3,122.16 1 1
pith/pkg/parser/powershell.go:126.2,127.21 2 1
pith/pkg/parser/powershell.go:127.21,129.3 1 1
pith/pkg/parser/powershell.go:131.2,131.16 1 0
pith/pkg/parser/promptfoo.go:10.41,10.63 1 1
pith/pkg/parser/promptfoo.go:12.68,16.2 3 1
pith/pkg/parser/promptfoo.go:18.55,22.29 3 1
pith/pkg/parser/promptfoo.go:22.29,24.20 2 1
pith/pkg/parser/promptfoo.go:24.20,24.30 1 1
pith/pkg/parser/promptfoo.go:27.3,28.82 1 1
pith/pkg/parser/promptfoo.go:28.82,29.12 1 1
pith/pkg/parser/promptfoo.go:33.3,33.118 1 1
pith/pkg/parser/promptfoo.go:33.118,35.12 2 1
pith/pkg/parser/promptfoo.go:39.3,40.82 1 1
pith/pkg/parser/promptfoo.go:40.82,42.12 2 0
pith/pkg/parser/promptfoo.go:46.3,46.39 1 1
pith/pkg/parser/promptfoo.go:46.39,50.31 3 1
pith/pkg/parser/promptfoo.go:50.31,52.16 2 1
pith/pkg/parser/promptfoo.go:52.16,54.6 1 1
pith/pkg/parser/promptfoo.go:56.4,56.29 1 1
pith/pkg/parser/promptfoo.go:56.29,58.5 1 1
pith/pkg/parser/promptfoo.go:59.4,59.12 1 1
pith/pkg/parser/promptfoo.go:63.3,63.23 1 1
pith/pkg/parser/promptfoo.go:63.23,65.4 1 1
pith/pkg/parser/promptfoo.go:68.2,68.42 1 1
pith/pkg/parser/promptfoo.go:68.42,70.3 1 0
pith/pkg/parser/promptfoo.go:71.2,71.35 1 1
pith/pkg/parser/source.go:10.38,12.2 1 1
pith/pkg/parser/source.go:14.65,16.2 1 1
pith/pkg/parser/source.go:18.52,28.29 5 1
pith/pkg/parser/source.go:28.29,32.38 2 1
pith/pkg/parser/source.go:32.38,34.39 2 1
pith/pkg/parser/source.go:34.39,36.13 2 1
pith/pkg/parser/source.go:38.4,38.12 1 1
pith/pkg/parser/source.go:40.3,40.14 1 1
pith/pkg/parser/source.go:40.14,41.39 1 1
pith/pkg/parser/source.go:41.39,43.5 1 1
pith/pkg/parser/source.go:44.4,44.12 1 1
pith/pkg/parser/source.go:48.3,55.39 4 1
pith/pkg/parser/source.go:55.39,57.4 1 1
pith/pkg/parser/source.go:60.2,60.35 1 1
pith/pkg/parser/text.go:11.36,11.53 1 1
pith/pkg/parser/text.go:12.63,14.2 1 1
pith/pkg/parser/text.go:15.50,19.29 4 1
pith/pkg/parser/text.go:19.29,21.20 2 1
pith/pkg/parser/text.go:21.20,21.30 1 1
pith/pkg/parser/text.go:23.3,24.22 2 1
pith/pkg/parser/text.go:24.22,26.27 2 1
pith/pkg/parser/text.go:26.27,29.5 2 1
pith/pkg/parser/text.go:30.4,30.23 1 1
pith/pkg/parser/text.go:30.23,32.5 1 1
pith/pkg/parser/text.go:32.10,34.5 1 0
pith/pkg/parser/text.go:35.9,37.4 1 1
pith/pkg/parser/text.go:39.2,39.54 1 1
pith/pkg/parser/text.go:45.38,45.57 1 1
pith/pkg/parser/text.go:46.65,47.35 1 1
pith/pkg/parser/text.go:47.35,47.51 1 1
pith/pkg/parser/text.go:48.2,48.20 1 1
pith/pkg/parser/text.go:48.20,48.36 1 1
pith/pkg/parser/text.go:49.2,51.73 2 1
pith/pkg/parser/text.go:56.52,64.29 3 1
pith/pkg/parser/text.go:64.29,66.20 2 1
pith/pkg/parser/text.go:66.20,66.30 1 1
pith/pkg/parser/text.go:69.3,70.76 1 1
pith/pkg/parser/text.go:70.76,71.12 1 1
pith/pkg/parser/text.go:75.3,76.37 2 1
pith/pkg/parser/text.go:81.2,81.35 1 1
pith/pkg/parser/thneed.go:11.38,11.57 1 1
pith/pkg/parser/thneed.go:13.65,15.2 1 1
pith/pkg/parser/thneed.go:17.52,20.65 2 1
pith/pkg/parser/thneed.go:20.65,22.3 1 1
pith/pkg/parser/thneed.go:25.2,26.61 2 1
pith/pkg/parser/thneed.go:26.61,27.46 1 1
pith/pkg/parser/thneed.go:27.46,29.4 1 1
pith/pkg/parser/thneed.go:30.3,30.32 1 1
pith/pkg/parser/thneed.go:34.2,34.29 1 1
pith/pkg/parser/thneed.go:37.64,38.23 1 1
pith/pkg/parser/thneed.go:38.23,40.3 1 1
pith/pkg/parser/thneed.go:42.2,47.16 4 1
pith/pkg/parser/thneed.go:47.16,49.3 1 1
pith/pkg/parser/thneed.go:51.2,51.29 1 1
pith/pkg/parser/thneed.go:51.29,53.10 2 1
pith/pkg/parser/thneed.go:53.10,54.12 1 0
pith/pkg/parser/thneed.go:57.3,63.54 5 1
pith/pkg/parser/thneed.go:63.54,65.4 1 1
pith/pkg/parser/thneed.go:68.3,69.25 2 1
pith/pkg/parser/thneed.go:69.25,71.4 1 1
pith/pkg/parser/thneed.go:72.3,74.75 2 1
pith/pkg/parser/thneed.go:77.2,77.26 1 1
pith/pkg/parser/thneed.go:77.26,79.3 1 1
pith/pkg/parser/thneed.go:81.2,81.20 1 1
pith/pkg/parser/thneed.go:84.75,88.28 3 1
pith/pkg/parser/thneed.go:88.28,90.3 1 1
pith/pkg/parser/thneed.go:93.2,93.47 1 1
pith/pkg/parser/thneed.go:96.57,99.29 3 1
pith/pkg/parser/thneed.go:99.29,101.104 2 1
pith/pkg/parser/thneed.go:101.104,102.12 1 1
pith/pkg/parser/thneed.go:104.3,104.35 1 1
pith/pkg/parser/thneed.go:107.2,107.22 1 1
pith/pkg/parser/thneed.go:107.22,109.3 1 1
pith/pkg/parser/thneed.go:110.2,110.35 1 1
pith/pkg/parser/vitest.go:10.38,10.57 1 1
pith/pkg/parser/vitest.go:12.65,17.2 3 1
pith/pkg/parser/vitest.go:19.52,25.29 4 1
pith/pkg/parser/vitest.go:25.29,27.20 2 1
pith/pkg/parser/vitest.go:27.20,27.30 1 1
pith/pkg/parser/vitest.go:30.3,30.66 1 1
pith/pkg/parser/vitest.go:30.66,31.12 1 1
pith/pkg/parser/vitest.go:35.3,36.85 1 1
pith/pkg/parser/vitest.go:36.85,39.12 3 1
pith/pkg/parser/vitest.go:43.3,43.41 1 1
pith/pkg/parser/vitest.go:43.41,45.12 2 1
pith/pkg/parser/vitest.go:49.3,49.119 1 1
pith/pkg/parser/vitest.go:49.119,51.12 2 1
pith/pkg/parser/vitest.go:55.3,55.132 1 1
pith/pkg/parser/vitest.go:55.132,57.12 2 1
pith/pkg/parser/vitest.go:61.3,61.94 1 1
pith/pkg/parser/vitest.go:61.94,63.12 2 0
pith/pkg/parser/vitest.go:67.3,67.23 1 1
pith/pkg/parser/vitest.go:67.23,69.4 1 1
pith/pkg/parser/vitest.go:72.2,72.22 1 1
pith/pkg/parser/vitest.go:72.22,74.3 1 0
pith/pkg/parser/vitest.go:76.2,76.36 1 1
pith/pkg/parser/vitest.go:76.36,78.3 1 0
pith/pkg/parser/vitest.go:80.2,80.35 1 1
pith/pkg/parser/web.go:11.35,11.59 1 1
pith/pkg/parser/web.go:13.62,16.2 1 1
pith/pkg/parser/web.go:18.49,20.19 2 1
pith/pkg/parser/web.go:20.19,22.3 1 0
pith/pkg/parser/web.go:25.2,26.61 2 1
pith/pkg/parser/web.go:26.61,28.35 2 1
pith/pkg/parser/web.go:28.35,30.71 1 1
pith/pkg/parser/web.go:30.71,32.22 2 1
pith/pkg/parser/web.go:32.22,34.6 1 1
pith/pkg/parser/web.go:35.5,36.46 1 1
pith/pkg/parser/web.go:38.4,38.27 1 1
pith/pkg/parser/web.go:43.2,43.87 1 1
pith/pkg/parser/web.go:43.87,47.66 3 1
pith/pkg/parser/web.go:47.66,50.4 2 1
pith/pkg/parser/web.go:51.3,51.68 1 1
pith/pkg/parser/web.go:55.2,55.25 1 1
pith/pkg/parser/web.go:55.25,57.3 1 1
pith/pkg/parser/web.go:59.2,59.15 1 0
pith/pkg/gui/gui.go:16.63,17.68 1 1
pith/pkg/gui/gui.go:17.68,19.17 2 1
pith/pkg/gui/gui.go:19.17,22.4 2 0
pith/pkg/gui/gui.go:23.3,24.16 2 1
pith/pkg/gui/gui.go:27.2,27.77 1 1
pith/pkg/gui/gui.go:27.77,41.3 7 1
pith/pkg/gui/gui.go:43.2,43.80 1 1
pith/pkg/gui/gui.go:43.80,48.3 4 1
pith/pkg/gui/gui.go:50.2,50.78 1 1
pith/pkg/gui/gui.go:50.78,55.3 4 1
pith/pkg/gui/gui.go:57.2,57.81 1 1
pith/pkg/gui/gui.go:57.81,63.17 5 1
pith/pkg/gui/gui.go:63.17,66.4 2 0
pith/pkg/gui/gui.go:67.3,68.39 2 1
pith/pkg/gui/gui.go:71.2,71.79 1 1
pith/pkg/gui/gui.go:71.79,75.3 3 1
pith/pkg/gui/gui.go:77.2,83.59 4 1
pith/pkg/gui/gui.go:86.30,88.22 2 1
pith/pkg/gui/gui.go:89.15,90.46 1 0
pith/pkg/gui/gui.go:91.17,92.77 1 1
pith/pkg/gui/gui.go:93.16,94.42 1 0
pith/pkg/gui/gui.go:95.10,96.43 1 0
pith/pkg/gui/gui.go:98.2,98.16 1 1
pith/pkg/gui/gui.go:98.16,100.3 1 0
pith/pkg/telemetry/telemetry.go:31.59,32.23 1 1
pith/pkg/telemetry/telemetry.go:32.23,34.17 2 1
pith/pkg/telemetry/telemetry.go:34.17,36.4 1 0
pith/pkg/telemetry/telemetry.go:37.3,37.45 1 1
pith/pkg/telemetry/telemetry.go:40.2,40.55 1 1
pith/pkg/telemetry/telemetry.go:40.55,42.3 1 1
pith/pkg/telemetry/telemetry.go:43.2,44.37 2 1
pith/pkg/telemetry/telemetry.go:47.62,49.16 2 1
pith/pkg/telemetry/telemetry.go:49.16,51.3 1 0
pith/pkg/telemetry/telemetry.go:53.2,54.33 2 1
pith/pkg/telemetry/telemetry.go:54.33,56.3 1 0
pith/pkg/telemetry/telemetry.go:57.2,57.15 1 1
pith/pkg/telemetry/telemetry.go:60.34,76.16 3 1
pith/pkg/telemetry/telemetry.go:76.16,78.3 1 0
pith/pkg/telemetry/telemetry.go:81.2,85.12 4 1
pith/pkg/telemetry/telemetry.go:88.55,93.2 3 1
pith/pkg/telemetry/telemetry.go:99.11,102.37 3 1
pith/pkg/telemetry/telemetry.go:102.37,105.3 2 1
pith/pkg/telemetry/telemetry.go:106.2,115.16 3 1
pith/pkg/telemetry/telemetry.go:115.16,117.3 1 0
pith/pkg/telemetry/telemetry.go:118.2,125.18 3 1
pith/pkg/telemetry/telemetry.go:125.18,131.72 2 1
pith/pkg/telemetry/telemetry.go:131.72,133.4 1 0
pith/pkg/telemetry/telemetry.go:134.3,134.31 1 1
pith/pkg/telemetry/telemetry.go:136.2,136.21 1 1
pith/pkg/telemetry/telemetry.go:139.35,141.2 1 1
pith/pkg/telemetry/telemetry.go:148.11,151.37 3 1
pith/pkg/telemetry/telemetry.go:151.37,154.3 2 1
pith/pkg/telemetry/telemetry.go:155.2,163.16 3 1
pith/pkg/telemetry/telemetry.go:163.16,165.3 1 0
pith/pkg/telemetry/telemetry.go:166.2,174.18 3 1
pith/pkg/telemetry/telemetry.go:174.18,181.97 2 1
pith/pkg/telemetry/telemetry.go:181.97,183.4 1 0
pith/pkg/telemetry/telemetry.go:184.3,184.31 1 1
pith/pkg/telemetry/telemetry.go:186.2,186.21 1 1
pith/pkg/telemetry/telemetry.go:189.93,192.37 3 1
pith/pkg/telemetry/telemetry.go:192.37,195.3 2 1
pith/pkg/telemetry/telemetry.go:196.2,198.26 3 1
pith/pkg/telemetry/telemetry.go:198.26,200.3 1 0
pith/pkg/telemetry/telemetry.go:201.2,201.8 1 1
pith/pkg/telemetry/telemetry.go:209.11,212.37 3 1
pith/pkg/telemetry/telemetry.go:212.37,215.3 2 1
pith/pkg/telemetry/telemetry.go:216.2,218.16 3 1
pith/pkg/telemetry/telemetry.go:218.16,220.3 1 0
pith/pkg/telemetry/telemetry.go:221.2,229.18 3 1
pith/pkg/telemetry/telemetry.go:229.18,236.86 2 1
pith/pkg/telemetry/telemetry.go:236.86,238.4 1 0
pith/pkg/telemetry/telemetry.go:239.3,239.31 1 1
pith/pkg/telemetry/telemetry.go:241.2,241.21 1 1
pith/pkg/telemetry/telemetry.go:244.38,247.2 2 1
pith/pkg/telemetry/telemetry.go:249.46,252.2 2 1
pith/pkg/telemetry/telemetry.go:254.94,257.37 3 1
pith/pkg/telemetry/telemetry.go:257.37,260.3 2 1
pith/pkg/telemetry/telemetry.go:261.2,269.16 4 1
pith/pkg/telemetry/telemetry.go:269.16,271.3 1 0
pith/pkg/telemetry/telemetry.go:272.2,275.18 3 1
pith/pkg/telemetry/telemetry.go:275.18,277.167 2 1
pith/pkg/telemetry/telemetry.go:277.167,279.4 1 0
pith/pkg/telemetry/telemetry.go:280.3,280.31 1 1
pith/pkg/telemetry/telemetry.go:282.2,282.21 1 1
pith/pkg/telemetry/telemetry.go:285.52,288.16 3 1
pith/pkg/telemetry/telemetry.go:288.16,290.3 1 0
pith/pkg/telemetry/telemetry.go:291.2,294.18 3 1
pith/pkg/telemetry/telemetry.go:294.18,296.39 2 1
pith/pkg/telemetry/telemetry.go:296.39,298.4 1 0
pith/pkg/telemetry/telemetry.go:299.3,299.31 1 1
pith/pkg/telemetry/telemetry.go:301.2,301.21 1 1
pith/pkg/telemetry/telemetry.go:304.77,311.16 4 1
pith/pkg/telemetry/telemetry.go:311.16,313.3 1 1
pith/pkg/telemetry/telemetry.go:314.2,314.16 1 1
pith/pkg/config/config.go:28.38,30.49 1 1
pith/pkg/config/config.go:30.49,32.3 1 1
pith/pkg/config/config.go:35.2,37.46 3 1
pith/pkg/config/config.go:37.46,39.3 1 1
pith/pkg/config/config.go:42.2,43.16 2 0
pith/pkg/config/config.go:43.16,45.3 1 0
pith/pkg/config/config.go:46.2,46.57 1 0
pith/pkg/config/config.go:49.36,51.16 2 1
pith/pkg/config/config.go:51.16,53.3 1 0
pith/pkg/config/config.go:55.2,66.49 3 1
pith/pkg/config/config.go:66.49,68.3 1 1
pith/pkg/config/config.go:68.8,68.84 1 1
pith/pkg/config/config.go:68.84,70.3 1 1
pith/pkg/config/config.go:70.8,70.44 1 0
pith/pkg/config/config.go:70.44,73.3 1 0
pith/pkg/config/config.go:75.2,76.16 2 1
pith/pkg/config/config.go:76.16,77.25 1 1
pith/pkg/config/config.go:77.25,79.4 1 1
pith/pkg/config/config.go:80.3,80.18 1 0
pith/pkg/config/config.go:83.2,83.50 1 1
pith/pkg/config/config.go:83.50,85.3 1 1
pith/pkg/config/config.go:88.2,88.23 1 1
pith/pkg/config/config.go:88.23,90.3 1 1
pith/pkg/config/config.go:91.2,91.24 1 1
pith/pkg/config/config.go:91.24,93.3 1 1
pith/pkg/config/config.go:94.2,94.24 1 1
pith/pkg/config/config.go:94.24,96.3 1 1
pith/pkg/config/config.go:98.2,98.17 1 1
pith/pkg/config/config.go:101.31,103.16 2 1
pith/pkg/config/config.go:103.16,105.3 1 0
pith/pkg/config/config.go:106.2,107.16 2 1
pith/pkg/config/config.go:107.16,109.3 1 0
pith/pkg/config/config.go:110.2,110.39 1 1
pith/pkg/config/config.go:113.69,115.37 1 1
pith/pkg/config/config.go:115.37,116.40 1 1
pith/pkg/config/config.go:116.40,118.4 1 1
pith/pkg/config/config.go:122.2,128.37 4 1
pith/pkg/config/config.go:128.37,130.26 2 1
pith/pkg/config/config.go:130.26,132.4 1 1
pith/pkg/config/config.go:135.2,142.16 4 1
pith/pkg/config/config.go:142.16,144.3 1 1
pith/pkg/config/config.go:147.2,147.37 1 1
pith/pkg/config/config.go:147.37,149.3 1 1
pith/pkg/config/config.go:150.2,150.36 1 1
pith/pkg/config/config.go:150.36,152.3 1 1
pith/pkg/config/config.go:155.2,186.16 4 1
pith/pkg/config/config.go:186.16,188.3 1 1
pith/pkg/config/config.go:191.2,195.17 4 1
pith/pkg/config/migration.go:10.46,12.16 2 1
pith/pkg/config/migration.go:12.16,14.3 1 0
pith/pkg/config/migration.go:15.2,18.52 2 1
pith/pkg/config/migration.go:18.52,20.3 1 1
pith/pkg/config/migration.go:23.2,23.27 1 1
pith/pkg/config/migration.go:23.27,25.3 1 1
pith/pkg/config/migration.go:28.2,28.54 1 1
pith/pkg/config/migration.go:28.54,30.3 1 0
pith/pkg/config/migration.go:32.2,33.26 2 1
pith/pkg/config/migration.go:33.26,38.49 3 1
pith/pkg/config/migration.go:38.49,39.12 1 1
pith/pkg/config/migration.go:43.3,43.41 1 1
pith/pkg/config/migration.go:43.41,44.12 1 1
pith/pkg/config/migration.go:47.3,48.44 2 1
pith/pkg/config/migration.go:48.44,50.4 1 0
pith/pkg/config/migration.go:53.3,53.33 1 1
pith/pkg/config/migration.go:56.2,56.12 1 1
pith/pkg/config/migration.go:59.38,61.16 2 1
pith/pkg/config/migration.go:61.16,63.3 1 1
pith/pkg/config/migration.go:64.2,67.16 3 1
pith/pkg/config/migration.go:67.16,69.3 1 0
pith/pkg/config/migration.go:70.2,73.12 3 1
pith/pkg/runner/runner.go:24.70,31.2 1 1
pith/pkg/runner/runner.go:33.28,34.72 1 1
pith/pkg/runner/runner.go:34.72,36.3 1 1
pith/pkg/runner/runner.go:37.2,37.76 1 1
pith/pkg/runner/runner.go:37.76,39.3 1 1
pith/pkg/runner/runner.go:41.2,41.18 1 1
pith/pkg/runner/runner.go:44.43,46.2 1 1
pith/pkg/runner/runner.go:48.73,50.18 2 1
pith/pkg/runner/runner.go:50.18,52.17 2 1
pith/pkg/runner/runner.go:52.17,54.4 1 0
pith/pkg/runner/runner.go:55.3,55.40 1 1
pith/pkg/runner/runner.go:58.2,63.16 4 1
pith/pkg/runner/runner.go:63.16,65.3 1 1
pith/pkg/runner/runner.go:66.2,70.21 3 1
pith/pkg/runner/runner.go:70.21,72.3 1 1
pith/pkg/runner/runner.go:75.2,76.18 2 1
pith/pkg/runner/runner.go:76.18,78.39 1 1
pith/pkg/runner/runner.go:78.39,80.4 1 1
pith/pkg/runner/runner.go:81.3,81.18 1 1
pith/pkg/runner/runner.go:83.2,85.29 2 1
pith/pkg/runner/runner.go:88.72,89.20 1 1
pith/pkg/runner/runner.go:89.20,91.3 1 1
pith/pkg/runner/runner.go:93.2,98.43 4 1
pith/pkg/runner/runner.go:98.43,102.3 1 1
pith/pkg/runner/runner.go:102.8,106.55 1 1
pith/pkg/runner/runner.go:106.55,108.23 2 1
pith/pkg/runner/runner.go:108.23,110.5 1 1
pith/pkg/runner/runner.go:111.4,111.46 1 1
pith/pkg/runner/runner.go:112.9,114.4 1 1
pith/pkg/runner/runner.go:117.2,127.16 9 1
pith/pkg/runner/runner.go:127.16,128.47 1 1
pith/pkg/runner/runner.go:128.47,130.4 1 1
pith/pkg/runner/runner.go:130.9,132.4 1 1
pith/pkg/runner/runner.go:135.2,145.18 7 1
pith/pkg/runner/runner.go:145.18,149.24 4 1
pith/pkg/runner/runner.go:149.24,152.4 2 1
pith/pkg/runner/runner.go:155.3,155.44 1 1
pith/pkg/runner/runner.go:155.44,158.24 3 1
pith/pkg/runner/runner.go:158.24,159.33 1 1
pith/pkg/runner/runner.go:159.33,163.28 3 1
pith/pkg/runner/runner.go:163.28,163.38 1 0
pith/pkg/runner/runner.go:164.6,167.43 3 1
pith/pkg/runner/runner.go:167.43,169.71 2 1
pith/pkg/runner/runner.go:169.71,171.13 2 1
pith/pkg/runner/runner.go:175.6,175.22 1 1
pith/pkg/runner/runner.go:175.22,177.12 2 1
pith/pkg/runner/runner.go:183.3,183.15 1 1
pith/pkg/runner/runner.go:183.15,184.37 1 1
pith/pkg/runner/runner.go:184.37,186.62 2 1
pith/pkg/runner/runner.go:186.62,188.11 2 1
pith/pkg/runner/runner.go:194.2,198.14 4 1
pith/pkg/runner/runner.go:198.14,203.3 3 1
pith/pkg/runner/runner.go:203.8,205.3 1 1
pith/pkg/runner/runner.go:208.2,230.12 6 1
pith/pkg/runner/runner.go:233.65,235.34 2 1
pith/pkg/runner/runner.go:235.34,237.3 1 1
pith/pkg/runner/runner.go:239.2,243.29 3 1
pith/pkg/runner/runner.go:243.29,245.3 1 0
pith/pkg/runner/runner.go:247.2,251.40 4 1
pith/pkg/runner/runner.go:254.35,257.2 1 1
pith/pkg/selfupdate/selfupdate.go:32.28,33.53 1 1
pith/pkg/selfupdate/selfupdate.go:33.53,35.3 1 1
pith/pkg/selfupdate/selfupdate.go:38.2,41.34 4 1
pith/pkg/selfupdate/selfupdate.go:41.34,43.3 1 1
pith/pkg/selfupdate/selfupdate.go:45.2,45.11 1 0
pith/pkg/selfupdate/selfupdate.go:48.63,51.16 3 1
pith/pkg/selfupdate/selfupdate.go:51.16,53.3 1 0
pith/pkg/selfupdate/selfupdate.go:54.2,58.17 3 1
pith/pkg/selfupdate/selfupdate.go:58.17,60.3 1 1
pith/pkg/selfupdate/selfupdate.go:62.2,63.16 2 1
pith/pkg/selfupdate/selfupdate.go:63.16,65.3 1 0
pith/pkg/selfupdate/selfupdate.go:66.2,68.44 2 1
pith/pkg/selfupdate/selfupdate.go:68.44,70.3 1 1
pith/pkg/selfupdate/selfupdate.go:71.2,71.38 1 1
pith/pkg/selfupdate/selfupdate.go:71.38,73.3 1 1
pith/pkg/selfupdate/selfupdate.go:75.2,76.69 2 1
pith/pkg/selfupdate/selfupdate.go:76.69,78.3 1 0
pith/pkg/selfupdate/selfupdate.go:80.2,80.24 1 1
pith/pkg/selfupdate/selfupdate.go:80.24,82.3 1 1
pith/pkg/selfupdate/selfupdate.go:84.2,86.39 2 1
pith/pkg/selfupdate/selfupdate.go:86.39,88.3 1 1
pith/pkg/selfupdate/selfupdate.go:90.2,91.24 2 1
pith/pkg/selfupdate/selfupdate.go:91.24,93.3 1 1
pith/pkg/selfupdate/selfupdate.go:95.2,97.31 3 1
pith/pkg/selfupdate/selfupdate.go:97.31,99.3 1 1
pith/pkg/selfupdate/selfupdate.go:101.2,101.39 1 1
pith/pkg/selfupdate/selfupdate.go:101.39,102.52 1 1
pith/pkg/selfupdate/selfupdate.go:102.52,104.9 2 1
pith/pkg/selfupdate/selfupdate.go:108.2,108.20 1 1
pith/pkg/selfupdate/selfupdate.go:108.20,110.3 1 1
pith/pkg/selfupdate/selfupdate.go:112.2,113.60 2 1
pith/pkg/selfupdate/selfupdate.go:113.60,115.3 1 0
pith/pkg/selfupdate/selfupdate.go:117.2,117.18 1 1
pith/pkg/selfupdate/selfupdate.go:120.66,123.16 3 1
pith/pkg/selfupdate/selfupdate.go:123.16,125.3 1 0
pith/pkg/selfupdate/selfupdate.go:126.2,128.42 2 1
pith/pkg/selfupdate/selfupdate.go:128.42,130.3 1 1
pith/pkg/selfupdate/selfupdate.go:132.2,133.16 2 1
pith/pkg/selfupdate/selfupdate.go:133.16,135.3 1 0
pith/pkg/selfupdate/selfupdate.go:136.2,138.38 2 1
pith/pkg/selfupdate/selfupdate.go:138.38,140.3 1 1
pith/pkg/selfupdate/selfupdate.go:142.2,143.69 2 1
pith/pkg/selfupdate/selfupdate.go:143.69,145.3 1 0
pith/pkg/selfupdate/selfupdate.go:147.2,147.64 1 1
pith/pkg/selfupdate/selfupdate.go:147.64,149.3 1 1
pith/pkg/selfupdate/selfupdate.go:151.2,151.16 1 1
pith/pkg/selfupdate/selfupdate.go:154.57,156.16 2 1
pith/pkg/selfupdate/selfupdate.go:156.16,158.3 1 1
pith/pkg/selfupdate/selfupdate.go:160.2,162.16 3 1
pith/pkg/selfupdate/selfupdate.go:162.16,164.3 1 0
pith/pkg/selfupdate/selfupdate.go:165.2,170.17 3 1
pith/pkg/selfupdate/selfupdate.go:170.17,172.3 1 1
pith/pkg/selfupdate/selfupdate.go:174.2,175.16 2 1
pith/pkg/selfupdate/selfupdate.go:175.16,177.3 1 0
pith/pkg/selfupdate/selfupdate.go:178.2,180.38 2 1
pith/pkg/selfupdate/selfupdate.go:180.38,182.3 1 1
pith/pkg/selfupdate/selfupdate.go:185.2,187.16 3 1
pith/pkg/selfupdate/selfupdate.go:187.16,189.3 1 0
pith/pkg/selfupdate/selfupdate.go:191.2,191.55 1 1
pith/pkg/selfupdate/selfupdate.go:191.55,194.3 2 0
pith/pkg/selfupdate/selfupdate.go:195.2,202.59 4 1
pith/pkg/selfupdate/selfupdate.go:202.59,204.3 1 0
pith/pkg/selfupdate/selfupdate.go:206.2,206.59 1 1
pith/pkg/selfupdate/selfupdate.go:206.59,210.3 2 0
pith/pkg/selfupdate/selfupdate.go:212.2,213.12 2 1
pith/pkg/install/install.go:13.22,15.16 2 1
pith/pkg/install/install.go:15.16,17.3 1 0
pith/pkg/install/install.go:19.2,20.54 2 1
pith/pkg/install/install.go:20.54,22.3 1 1
pith/pkg/install/install.go:24.2,25.16 2 1
pith/pkg/install/install.go:25.16,27.3 1 0
pith/pkg/install/install.go:29.2,34.40 4 1
pith/pkg/install/install.go:34.40,36.3 1 0
pith/pkg/install/install.go:36.8,39.17 2 1
pith/pkg/install/install.go:39.17,41.4 1 0
pith/pkg/install/install.go:42.3,42.61 1 1
pith/pkg/install/install.go:42.61,44.4 1 0
pith/pkg/install/install.go:45.3,45.46 1 1
pith/pkg/install/install.go:48.2,48.31 1 1
pith/pkg/install/install.go:48.31,50.3 1 1
pith/pkg/install/install.go:51.2,51.76 1 0
pith/pkg/install/install.go:54.42,67.16 3 1
pith/pkg/install/install.go:67.16,69.3 1 0
pith/pkg/install/install.go:71.2,73.12 3 1
pith/pkg/install/install.go:94.53,101.51 3 1
pith/pkg/install/install.go:101.51,103.3 1 0
pith/pkg/install/install.go:106.2,107.55 2 1
pith/pkg/install/install.go:107.55,109.3 1 0
pith/pkg/install/install.go:110.2,112.12 3 1
pith/pkg/install/install.go:116.49,118.28 2 1
pith/pkg/install/install.go:118.28,120.3 1 1
pith/pkg/install/install.go:121.2,122.30 2 1
pith/pkg/install/install.go:125.96,127.12 2 1
pith/pkg/install/install.go:127.12,129.17 2 1
pith/pkg/install/install.go:129.17,131.4 1 0
pith/pkg/install/install.go:132.3,132.43 1 1
pith/pkg/install/install.go:135.2,135.53 1 1
pith/pkg/install/install.go:135.53,137.3 1 0
pith/pkg/install/install.go:139.2,143.49 3 1
pith/pkg/install/install.go:143.49,145.17 2 1
pith/pkg/install/install.go:145.17,151.4 3 1
pith/pkg/install/install.go:154.2,154.27 1 1
pith/pkg/install/install.go:154.27,156.3 1 1
pith/pkg/install/install.go:158.2,160.31 3 1
pith/pkg/install/install.go:160.31,162.3 1 0
pith/pkg/install/install.go:164.2,174.35 4 1
pith/pkg/install/install.go:174.35,175.31 1 1
pith/pkg/install/install.go:175.31,178.34 2 1
pith/pkg/install/install.go:178.34,179.35 1 1
pith/pkg/install/install.go:179.35,182.11 3 1
pith/pkg/install/install.go:185.4,185.15 1 1
pith/pkg/install/install.go:185.15,187.5 1 1
pith/pkg/install/install.go:188.4,189.9 2 1
pith/pkg/install/install.go:193.2,193.17 1 1
pith/pkg/install/install.go:193.17,198.3 1 1
pith/pkg/install/install.go:199.2,203.16 3 1
pith/pkg/install/install.go:203.16,205.3 1 0
pith/pkg/install/install.go:207.2,207.68 1 1
pith/pkg/install/install.go:207.68,209.3 1 0
pith/pkg/install/install.go:211.2,211.26 1 1
pith/pkg/install/install.go:214.41,216.30 2 1
pith/pkg/install/install.go:216.30,218.3 1 1
pith/pkg/install/install.go:219.2,219.12 1 1
pith/pkg/install/install.go:222.41,224.30 2 1
pith/pkg/install/install.go:224.30,226.3 1 1
pith/pkg/install/install.go:227.2,227.12 1 1
pith/pkg/install/install.go:230.40,232.30 2 1
pith/pkg/install/install.go:232.30,234.3 1 1
pith/pkg/install/install.go:235.2,235.12 1 1
